%!Adobe-FontList 1.13
%Locale:0x419

%BeginFont
Handler:DirectoryHandler
FontType:Invalid
OutlineFileName:D:\Работа\декабрь\Корм\Font\NexaScript\NexaScriptBold.eot
FileModTime:1480839588
%EndFont

%BeginFont
Handler:DirectoryHandler
FontType:Type1
FontName:NexaScript-Bold
FamilyName:Nexa Script
StyleName:Bold
FullName:Nexa Script Bold
MenuName:Nexa Script Bold
StyleBits:0
WritingScript:Roman
OutlineFileName:D:\Работа\декабрь\Корм\Font\NexaScript\NexaScriptBold.svg
DataFormat:sfntData
UsesStandardEncoding:yes
isCFF:yes
FileLength:74960
FileModTime:1480839588
WeightClass:400
WidthClass:5
AngleClass:0
%EndFont

%BeginFont
Handler:DirectoryHandler
FontType:TrueType
FontName:NexaScript-Bold
FamilyName:Nexa Script
StyleName:Bold
FullName:Nexa Script Bold
MenuName:Nexa Script Bold
StyleBits:2
WritingScript:Roman
OutlineFileName:D:\Работа\декабрь\Корм\Font\NexaScript\NexaScriptBold.ttf
DataFormat:sfntData
FileLength:163956
FileModTime:1480839588
WeightClass:400
WidthClass:5
AngleClass:0
%EndFont

%BeginFont
Handler:DirectoryHandler
FontType:Invalid
OutlineFileName:D:\Работа\декабрь\Корм\Font\NexaScript\NexaScriptBold.woff
FileModTime:1480839588
%EndFont

%BeginFont
Handler:DirectoryHandler
FontType:Invalid
OutlineFileName:D:\Работа\декабрь\Корм\Font\arial\arial.eot
FileModTime:1480839668
%EndFont

%BeginFont
Handler:DirectoryHandler
FontType:Type1
FontName:ArialMT
FamilyName:Arial
StyleName:Regular
FullName:Arial
MenuName:Arial
StyleBits:0
WritingScript:Roman
OutlineFileName:D:\Работа\декабрь\Корм\Font\arial\arial.otf
DataFormat:sfntData
UsesStandardEncoding:yes
isCFF:yes
FileLength:617420
FileModTime:1480839668
WeightClass:400
WidthClass:5
AngleClass:0
%EndFont

%BeginFont
Handler:DirectoryHandler
FontType:Invalid
OutlineFileName:D:\Работа\декабрь\Корм\Font\arial\arial.svg
FileModTime:1480839668
%EndFont

%BeginFont
Handler:DirectoryHandler
FontType:TrueType
FontName:ArialMT
FamilyName:Arial
StyleName:Regular
FullName:Arial
MenuName:Arial
StyleBits:0
WritingScript:Roman
OutlineFileName:D:\Работа\декабрь\Корм\Font\arial\arial.ttf
DataFormat:sfntData
FileLength:773852
FileModTime:1480839668
WeightClass:400
WidthClass:5
AngleClass:0
%EndFont

%BeginFont
Handler:DirectoryHandler
FontType:Invalid
OutlineFileName:D:\Работа\декабрь\Корм\Font\arial\arial.woff
FileModTime:1480839668
%EndFont

%BeginFont
Handler:DirectoryHandler
FontType:Invalid
OutlineFileName:D:\Работа\декабрь\Корм\Font\Algerian\Algerian.eot
FileModTime:1480839444
%EndFont

%BeginFont
Handler:DirectoryHandler
FontType:Type1
FontName:Algerian
FamilyName:Algerian
StyleName:Regular
FullName:Algerian
MenuName:Algerian
StyleBits:0
WritingScript:Roman
OutlineFileName:D:\Работа\декабрь\Корм\Font\Algerian\Algerian.otf
DataFormat:sfntData
UsesStandardEncoding:yes
isCFF:yes
FileLength:89088
FileModTime:1480839444
WeightClass:400
WidthClass:5
AngleClass:0
%EndFont

%BeginFont
Handler:DirectoryHandler
FontType:Invalid
OutlineFileName:D:\Работа\декабрь\Корм\Font\Algerian\Algerian.svg
FileModTime:1480839444
%EndFont

%BeginFont
Handler:DirectoryHandler
FontType:TrueType
FontName:Algerian
FamilyName:Algerian
StyleName:Regular
FullName:Algerian
MenuName:Algerian
StyleBits:0
WritingScript:Roman
OutlineFileName:D:\Работа\декабрь\Корм\Font\Algerian\Algerian.ttf
DataFormat:sfntData
FileLength:71776
FileModTime:1480839444
WeightClass:400
WidthClass:5
AngleClass:0
%EndFont

%BeginFont
Handler:DirectoryHandler
FontType:Invalid
OutlineFileName:D:\Работа\декабрь\Корм\Font\Algerian\Algerian.woff
FileModTime:1480839444
%EndFont

